apiVersion: v1
kind: ServiceAccount
metadata:
  annotations: {}
  labels:
    name: openshift4-splunk-forwarder
  name: openshift4-splunk-forwarder
