apiVersion: v1
data: {}
kind: Secret
metadata:
  annotations: {}
  labels:
    name: openshift4-splunk-forwarder
  name: openshift4-splunk-forwarder
stringData:
  hec-token: t-silent-test-1234/c-green-test-1234/openshift4-splunk-forwarder/openshift4-splunk-forwarder/splunk/token
  shared_key: t-silent-test-1234/c-green-test-1234/openshift4-splunk-forwarder/openshift4-splunk-forwarder/fluentd/sharedkey
type: Opaque
--- null
...
